// Jest Snapshot v1, https://goo.gl/fbAQLP

exports[`Компонент Navigation Должен отрендерить логотип 1`] = `
<div
  className="timeBlock"
>
  00:02 / 02:15
</div>
`;
